Archive member included to satisfy reference by file (symbol)

C:/ST/STM32CubeIDE_1.19.0/STM32CubeIDE/plugins/com.st.stm32cube.ide.mcu.externaltools.gnu-tools-for-stm32.14.3.rel1.win32_1.0.100.202602081740/tools/bin/../lib/gcc/arm-none-eabi/14.3.1/../../../../arm-none-eabi/lib/thumb/v7e-m/nofp\libc_nano.a(libc_a-exit.o)
                              C:/ST/STM32CubeIDE_1.19.0/STM32CubeIDE/plugins/com.st.stm32cube.ide.mcu.externaltools.gnu-tools-for-stm32.14.3.rel1.win32_1.0.100.202602081740/tools/bin/../lib/gcc/arm-none-eabi/14.3.1/../../../../arm-none-eabi/lib/thumb/v7e-m/nofp/crt0.o (exit)
C:/ST/STM32CubeIDE_1.19.0/STM32CubeIDE/plugins/com.st.stm32cube.ide.mcu.externaltools.gnu-tools-for-stm32.14.3.rel1.win32_1.0.100.202602081740/tools/bin/../lib/gcc/arm-none-eabi/14.3.1/../../../../arm-none-eabi/lib/thumb/v7e-m/nofp\libc_nano.a(libc_a-findfp.o)
                              C:/ST/STM32CubeIDE_1.19.0/STM32CubeIDE/plugins/com.st.stm32cube.ide.mcu.externaltools.gnu-tools-for-stm32.14.3.rel1.win32_1.0.100.202602081740/tools/bin/../lib/gcc/arm-none-eabi/14.3.1/../../../../arm-none-eabi/lib/thumb/v7e-m/nofp\libc_nano.a(libc_a-exit.o) (__stdio_exit_handler)
C:/ST/STM32CubeIDE_1.19.0/STM32CubeIDE/plugins/com.st.stm32cube.ide.mcu.externaltools.gnu-tools-for-stm32.14.3.rel1.win32_1.0.100.202602081740/tools/bin/../lib/gcc/arm-none-eabi/14.3.1/../../../../arm-none-eabi/lib/thumb/v7e-m/nofp\libc_nano.a(libc_a-fwalk.o)
                              C:/ST/STM32CubeIDE_1.19.0/STM32CubeIDE/plugins/com.st.stm32cube.ide.mcu.externaltools.gnu-tools-for-stm32.14.3.rel1.win32_1.0.100.202602081740/tools/bin/../lib/gcc/arm-none-eabi/14.3.1/../../../../arm-none-eabi/lib/thumb/v7e-m/nofp\libc_nano.a(libc_a-findfp.o) (_fwalk_sglue)
C:/ST/STM32CubeIDE_1.19.0/STM32CubeIDE/plugins/com.st.stm32cube.ide.mcu.externaltools.gnu-tools-for-stm32.14.3.rel1.win32_1.0.100.202602081740/tools/bin/../lib/gcc/arm-none-eabi/14.3.1/../../../../arm-none-eabi/lib/thumb/v7e-m/nofp\libc_nano.a(libc_a-stdio.o)
                              C:/ST/STM32CubeIDE_1.19.0/STM32CubeIDE/plugins/com.st.stm32cube.ide.mcu.externaltools.gnu-tools-for-stm32.14.3.rel1.win32_1.0.100.202602081740/tools/bin/../lib/gcc/arm-none-eabi/14.3.1/../../../../arm-none-eabi/lib/thumb/v7e-m/nofp\libc_nano.a(libc_a-findfp.o) (__sread)
C:/ST/STM32CubeIDE_1.19.0/STM32CubeIDE/plugins/com.st.stm32cube.ide.mcu.externaltools.gnu-tools-for-stm32.14.3.rel1.win32_1.0.100.202602081740/tools/bin/../lib/gcc/arm-none-eabi/14.3.1/../../../../arm-none-eabi/lib/thumb/v7e-m/nofp\libc_nano.a(libc_a-memset.o)
                              C:/ST/STM32CubeIDE_1.19.0/STM32CubeIDE/plugins/com.st.stm32cube.ide.mcu.externaltools.gnu-tools-for-stm32.14.3.rel1.win32_1.0.100.202602081740/tools/bin/../lib/gcc/arm-none-eabi/14.3.1/../../../../arm-none-eabi/lib/thumb/v7e-m/nofp/crt0.o (memset)
C:/ST/STM32CubeIDE_1.19.0/STM32CubeIDE/plugins/com.st.stm32cube.ide.mcu.externaltools.gnu-tools-for-stm32.14.3.rel1.win32_1.0.100.202602081740/tools/bin/../lib/gcc/arm-none-eabi/14.3.1/../../../../arm-none-eabi/lib/thumb/v7e-m/nofp\libc_nano.a(libc_a-closer.o)
                              C:/ST/STM32CubeIDE_1.19.0/STM32CubeIDE/plugins/com.st.stm32cube.ide.mcu.externaltools.gnu-tools-for-stm32.14.3.rel1.win32_1.0.100.202602081740/tools/bin/../lib/gcc/arm-none-eabi/14.3.1/../../../../arm-none-eabi/lib/thumb/v7e-m/nofp\libc_nano.a(libc_a-stdio.o) (_close_r)
C:/ST/STM32CubeIDE_1.19.0/STM32CubeIDE/plugins/com.st.stm32cube.ide.mcu.externaltools.gnu-tools-for-stm32.14.3.rel1.win32_1.0.100.202602081740/tools/bin/../lib/gcc/arm-none-eabi/14.3.1/../../../../arm-none-eabi/lib/thumb/v7e-m/nofp\libc_nano.a(libc_a-reent.o)
                              C:/ST/STM32CubeIDE_1.19.0/STM32CubeIDE/plugins/com.st.stm32cube.ide.mcu.externaltools.gnu-tools-for-stm32.14.3.rel1.win32_1.0.100.202602081740/tools/bin/../lib/gcc/arm-none-eabi/14.3.1/../../../../arm-none-eabi/lib/thumb/v7e-m/nofp\libc_nano.a(libc_a-closer.o) (errno)
C:/ST/STM32CubeIDE_1.19.0/STM32CubeIDE/plugins/com.st.stm32cube.ide.mcu.externaltools.gnu-tools-for-stm32.14.3.rel1.win32_1.0.100.202602081740/tools/bin/../lib/gcc/arm-none-eabi/14.3.1/../../../../arm-none-eabi/lib/thumb/v7e-m/nofp\libc_nano.a(libc_a-impure.o)
                              C:/ST/STM32CubeIDE_1.19.0/STM32CubeIDE/plugins/com.st.stm32cube.ide.mcu.externaltools.gnu-tools-for-stm32.14.3.rel1.win32_1.0.100.202602081740/tools/bin/../lib/gcc/arm-none-eabi/14.3.1/../../../../arm-none-eabi/lib/thumb/v7e-m/nofp\libc_nano.a(libc_a-reent.o) (_impure_ptr)
C:/ST/STM32CubeIDE_1.19.0/STM32CubeIDE/plugins/com.st.stm32cube.ide.mcu.externaltools.gnu-tools-for-stm32.14.3.rel1.win32_1.0.100.202602081740/tools/bin/../lib/gcc/arm-none-eabi/14.3.1/../../../../arm-none-eabi/lib/thumb/v7e-m/nofp\libc_nano.a(libc_a-lseekr.o)
[...]
Memory Configuration

Name             Origin             Length             Attributes
RAM              0x20000000         0x00020000         xrw
FLASH            0x08000000         0x00080000         xr
*default*        0x00000000         0xffffffff

Linker script and memory map

LOAD C:/ST/STM32CubeIDE_1.19.0/STM32CubeIDE/plugins/com.st.stm32cube.ide.mcu.externaltools.gnu-tools-for-stm32.14.3.rel1.win32_1.0.100.202602081740/tools/bin/../lib/gcc/arm-none-eabi/14.3.1/thumb/v7e-m/nofp/crti.o
LOAD C:/ST/STM32CubeIDE_1.19.0/STM32CubeIDE/plugins/com.st.stm32cube.ide.mcu.externaltools.gnu-tools-for-stm32.14.3.rel1.win32_1.0.100.202602081740/tools/bin/../lib/gcc/arm-none-eabi/14.3.1/thumb/v7e-m/nofp/crtbegin.o
LOAD C:/ST/STM32CubeIDE_1.19.0/STM32CubeIDE/plugins/com.st.stm32cube.ide.mcu.externaltools.gnu-tools-for-stm32.14.3.rel1.win32_1.0.100.202602081740/tools/bin/../lib/gcc/arm-none-eabi/14.3.1/../../../../arm-none-eabi/lib/thumb/v7e-m/nofp/crt0.o
START GROUP
LOAD C:/ST/STM32CubeIDE_1.19.0/STM32CubeIDE/plugins/com.st.stm32cube.ide.mcu.externaltools.gnu-tools-for-stm32.14.3.rel1.win32_1.0.100.202602081740/tools/bin/../lib/gcc/arm-none-eabi/14.3.1/../../../../arm-none-eabi/lib/thumb/v7e-m/nofp\libc_nano.a
LOAD C:/ST/STM32CubeIDE_1.19.0/STM32CubeIDE/plugins/com.st.stm32cube.ide.mcu.externaltools.gnu-tools-for-stm32.14.3.rel1.win32_1.0.100.202602081740/tools/bin/../lib/gcc/arm-none-eabi/14.3.1/../../../../arm-none-eabi/lib/thumb/v7e-m/nofp\libm.a
END GROUP
LOAD CMakeFiles/USB_CDC_Driver_F446_Ext_PHY_HS.dir/Startup/startup_stm32f446vetx.s.obj
LOAD CMakeFiles/USB_CDC_Driver_F446_Ext_PHY_HS.dir/Sources/main.c.obj
LOAD CMakeFiles/USB_CDC_Driver_F446_Ext_PHY_HS.dir/Sources/syscalls.c.obj
LOAD CMakeFiles/USB_CDC_Driver_F446_Ext_PHY_HS.dir/Sources/sysmem.c.obj
LOAD CMakeFiles/USB_CDC_Driver_F446_Ext_PHY_HS.dir/Sources/usb_cdc_hs.c.obj
LOAD CMakeFiles/USB_CDC_Driver_F446_Ext_PHY_HS.dir/Sources/myConfig.c.obj
LOAD CMakeFiles/USB_CDC_Driver_F446_Ext_PHY_HS.dir/Sources/timers.c.obj
START GROUP
LOAD C:/ST/STM32CubeIDE_1.19.0/STM32CubeIDE/plugins/com.st.stm32cube.ide.mcu.externaltools.gnu-tools-for-stm32.14.3.rel1.win32_1.0.100.202602081740/tools/bin/../lib/gcc/arm-none-eabi/14.3.1/thumb/v7e-m/nofp\libgcc.a
LOAD C:/ST/STM32CubeIDE_1.19.0/STM32CubeIDE/plugins/com.st.stm32cube.ide.mcu.externaltools.gnu-tools-for-stm32.14.3.rel1.win32_1.0.100.202602081740/tools/bin/../lib/gcc/arm-none-eabi/14.3.1/../../../../arm-none-eabi/lib/thumb/v7e-m/nofp\libg_nano.a
LOAD C:/ST/STM32CubeIDE_1.19.0/STM32CubeIDE/plugins/com.st.stm32cube.ide.mcu.externaltools.gnu-tools-for-stm32.14.3.rel1.win32_1.0.100.202602081740/tools/bin/../lib/gcc/arm-none-eabi/14.3.1/../../../../arm-none-eabi/lib/thumb/v7e-m/nofp\libc_nano.a
END GROUP
START GROUP
LOAD C:/ST/STM32CubeIDE_1.19.0/STM32CubeIDE/plugins/com.st.stm32cube.ide.mcu.externaltools.gnu-tools-for-stm32.14.3.rel1.win32_1.0.100.202602081740/tools/bin/../lib/gcc/arm-none-eabi/14.3.1/thumb/v7e-m/nofp\libgcc.a
LOAD C:/ST/STM32CubeIDE_1.19.0/STM32CubeIDE/plugins/com.st.stm32cube.ide.mcu.externaltools.gnu-tools-for-stm32.14.3.rel1.win32_1.0.100.202602081740/tools/bin/../lib/gcc/arm-none-eabi/14.3.1/../../../../arm-none-eabi/lib/thumb/v7e-m/nofp\libc_nano.a
LOAD C:/ST/STM32CubeIDE_1.19.0/STM32CubeIDE/plugins/com.st.stm32cube.ide.mcu.externaltools.gnu-tools-for-stm32.14.3.rel1.win32_1.0.100.202602081740/tools/bin/../lib/gcc/arm-none-eabi/14.3.1/../../../../arm-none-eabi/lib/thumb/v7e-m/nofp\libnosys.a
END GROUP
START GROUP
LOAD C:/ST/STM32CubeIDE_1.19.0/STM32CubeIDE/plugins/com.st.stm32cube.ide.mcu.externaltools.gnu-tools-for-stm32.14.3.rel1.win32_1.0.100.202602081740/tools/bin/../lib/gcc/arm-none-eabi/14.3.1/thumb/v7e-m/nofp\libgcc.a
LOAD C:/ST/STM32CubeIDE_1.19.0/STM32CubeIDE/plugins/com.st.stm32cube.ide.mcu.externaltools.gnu-tools-for-stm32.14.3.rel1.win32_1.0.100.202602081740/tools/bin/../lib/gcc/arm-none-eabi/14.3.1/../../../../arm-none-eabi/lib/thumb/v7e-m/nofp\libc_nano.a
LOAD C:/ST/STM32CubeIDE_1.19.0/STM32CubeIDE/plugins/com.st.stm32cube.ide.mcu.externaltools.gnu-tools-for-stm32.14.3.rel1.win32_1.0.100.202602081740/tools/bin/../lib/gcc/arm-none-eabi/14.3.1/../../../../arm-none-eabi/lib/thumb/v7e-m/nofp\libnosys.a
END GROUP
LOAD C:/ST/STM32CubeIDE_1.19.0/STM32CubeIDE/plugins/com.st.stm32cube.ide.mcu.externaltools.gnu-tools-for-stm32.14.3.rel1.win32_1.0.100.202602081740/tools/bin/../lib/gcc/arm-none-eabi/14.3.1/thumb/v7e-m/nofp/crtend.o
LOAD C:/ST/STM32CubeIDE_1.19.0/STM32CubeIDE/plugins/com.st.stm32cube.ide.mcu.externaltools.gnu-tools-for-stm32.14.3.rel1.win32_1.0.100.202602081740/tools/bin/../lib/gcc/arm-none-eabi/14.3.1/thumb/v7e-m/nofp/crtn.o
                0x20020000                        _estack = (ORIGIN (RAM) + LENGTH (RAM))
                0x00000200                        _Min_Heap_Size = 0x200
                0x00000400                        _Min_Stack_Size = 0x400

.isr_vector     0x08000000      0x1c4
                0x08000000                        . = ALIGN (0x4)
 *(.isr_vector)
 .isr_vector    0x08000000      0x1c4 CMakeFiles/USB_CDC_Driver_F446_Ext_PHY_HS.dir/Startup/startup_stm32f446vetx.s.obj
                0x08000000                g_pfnVectors
                0x080001c4                        . = ALIGN (0x4)

.text           0x080001c4     0x1de0
                0x080001c4                        . = ALIGN (0x4)
 *(.text)
 .text          0x080001c4       0x40 C:/ST/STM32CubeIDE_1.19.0/STM32CubeIDE/plugins/com.st.stm32cube.ide.mcu.externaltools.gnu-tools-for-stm32.14.3.rel1.win32_1.0.100.202602081740/tools/bin/../lib/gcc/arm-none-eabi/14.3.1/thumb/v7e-m/nofp/crtbegin.o
 .text          0x08000204      0x1e4 CMakeFiles/USB_CDC_Driver_F446_Ext_PHY_HS.dir/Sources/main.c.obj
                0x080002c8                main
                0x08000368                USB_CDC_UserRxCallBack_EP1
                0x08000388                RTC_WKUP_IRQHandler
                0x080003cc                SysTick_Handler
 .text          0x080003e8     0x18b0 CMakeFiles/USB_CDC_Driver_F446_Ext_PHY_HS.dir/Sources/usb_cdc_hs.c.obj
                0x08000474                GetSysTick
                0x08000554                write_to_circBufferTx
                0x080007d0                SystemClock_Config
                0x080008a4                USB_OTG_HS_GPIO_Init
                0x08000a3c                USB_OTG_HS_Core_Init
                0x08000af4                USB_OTG_HS_FIFO_and_Interrupts_Init
                0x08000b6c                USB_OTG_HS_Connect
                0x08000df0                USB_CDC_SetSerialNumber
                0x08000eb0                USB_CDC_ForceResetState
                0x08000f94                send_zlp
                0x08000ff0                USB_FlushTxFifo
                0x08001038                USB_FlushRxFifo
                0x08001078                USB_CDC_transferTXCallback
                0x08001184                USB_CDC_setTxBuffer
                0x08001278                USB_CDC_transferRXCallback_EP0
                0x080012f0                USB_CDC_transferRXCallback_EP1
                0x08001320                enumerate_Reset
                0x080013b8                enumerate_Setup
                0x08001708                USB_CDC_transmit_scheduler
                0x080017a0                clear_USB_device_status
                0x080017c8                check_USB_device_status
                0x08001858                USB_CDC_Write
                0x08001942                USB_CDC_Read
                0x080019ac                OTG_HS_IRQHandler
 .text          0x08001c98      0x20c CMakeFiles/USB_CDC_Driver_F446_Ext_PHY_HS.dir/Sources/myConfig.c.obj
                0x08001d24                activateFPU
                0x08001d30                heartBeatLed
 .text          0x08001ea4       0x30 CMakeFiles/USB_CDC_Driver_F446_Ext_PHY_HS.dir/Sources/timers.c.obj
                0x08001ea4                NBdelay_ms
 *(.text*)
 .text.__libc_init_array
                0x08001ed4       0x48 C:/ST/STM32CubeIDE_1.19.0/STM32CubeIDE/plugins/com.st.stm32cube.ide.mcu.externaltools.gnu-tools-for-stm32.14.3.rel1.win32_1.0.100.202602081740/tools/bin/../lib/gcc/arm-none-eabi/14.3.1/../../../../arm-none-eabi/lib/thumb/v7e-m/nofp\libc_nano.a(libc_a-init.o)
                0x08001ed4                __libc_init_array
 .text.Reset_Handler
                0x08001f1c       0x50 CMakeFiles/USB_CDC_Driver_F446_Ext_PHY_HS.dir/Startup/startup_stm32f446vetx.s.obj
                0x08001f1c                Reset_Handler
 .text.Default_Handler
                0x08001f6c        0x2 CMakeFiles/USB_CDC_Driver_F446_Ext_PHY_HS.dir/Startup/startup_stm32f446vetx.s.obj
                0x08001f6c                RTC_Alarm_IRQHandler
                0x08001f6c                EXTI2_IRQHandler
                0x08001f6c                TIM8_CC_IRQHandler
                0x08001f6c                SPDIF_Rx_IRQHandler
                0x08001f6c                DebugMon_Handler
                0x08001f6c                SPI4_IRQHandler
                0x08001f6c                TIM1_CC_IRQHandler
                0x08001f6c                QuadSPI_IRQHandler
                0x08001f6c                DMA2_Stream5_IRQHandler
                0x08001f6c                HardFault_Handler
                0x08001f6c                DMA1_Stream5_IRQHandler
                0x08001f6c                PVD_IRQHandler
                0x08001f6c                SDIO_IRQHandler
                0x08001f6c                TAMP_STAMP_IRQHandler
                0x08001f6c                PendSV_Handler
                0x08001f6c                NMI_Handler
                0x08001f6c                CAN2_RX1_IRQHandler
                0x08001f6c                EXTI3_IRQHandler
                0x08001f6c                TIM8_TRG_COM_TIM14_IRQHandler
                0x08001f6c                TIM1_UP_TIM10_IRQHandler
                0x08001f6c                FMPI2C1_error_IRQHandler
                0x08001f6c                TIM8_UP_TIM13_IRQHandler
                0x08001f6c                I2C3_ER_IRQHandler
                0x08001f6c                EXTI0_IRQHandler
                0x08001f6c                I2C2_EV_IRQHandler
                0x08001f6c                DMA1_Stream2_IRQHandler
                0x08001f6c                CAN1_RX0_IRQHandler
                0x08001f6c                OTG_HS_WKUP_IRQHandler
                0x08001f6c                UsageFault_Handler
                0x08001f6c                CAN2_SCE_IRQHandler
                0x08001f6c                DMA2_Stream2_IRQHandler
                0x08001f6c                SPI1_IRQHandler
                0x08001f6c                TIM6_DAC_IRQHandler
                0x08001f6c                TIM1_BRK_TIM9_IRQHandler
                0x08001f6c                DCMI_IRQHandler
                0x08001f6c                CAN2_RX0_IRQHandler
                0x08001f6c                DMA2_Stream3_IRQHandler
                0x08001f6c                FMPI2C1_IRQHandler
                0x08001f6c                SAI2_IRQHandler
                0x08001f6c                USART6_IRQHandler
                0x08001f6c                USART3_IRQHandler
                0x08001f6c                CAN1_RX1_IRQHandler
                0x08001f6c                UART5_IRQHandler
                0x08001f6c                DMA2_Stream0_IRQHandler
                0x08001f6c                TIM4_IRQHandler
                0x08001f6c                I2C1_EV_IRQHandler
                0x08001f6c                HDMI_CEC_IRQHandler
                0x08001f6c                DMA1_Stream6_IRQHandler
                0x08001f6c                DMA1_Stream1_IRQHandler
                0x08001f6c                UART4_IRQHandler
                0x08001f6c                TIM3_IRQHandler
                0x08001f6c                RCC_IRQHandler
                0x08001f6c                TIM8_BRK_TIM12_IRQHandler
                0x08001f6c                Default_Handler
                0x08001f6c                EXTI15_10_IRQHandler
                0x08001f6c                ADC_IRQHandler
                0x08001f6c                DMA1_Stream7_IRQHandler
                0x08001f6c                TIM7_IRQHandler
                0x08001f6c                CAN2_TX_IRQHandler
                0x08001f6c                TIM5_IRQHandler
                0x08001f6c                DMA2_Stream7_IRQHandler
                0x08001f6c                I2C3_EV_IRQHandler
                0x08001f6c                EXTI9_5_IRQHandler
                0x08001f6c                SPI2_IRQHandler
                0x08001f6c                OTG_HS_EP1_IN_IRQHandler
                0x08001f6c                MemManage_Handler
                0x08001f6c                DMA1_Stream0_IRQHandler
                0x08001f6c                CAN1_TX_IRQHandler
                0x08001f6c                SVC_Handler
                0x08001f6c                EXTI4_IRQHandler
                0x08001f6c                OTG_HS_EP1_OUT_IRQHandler
                0x08001f6c                WWDG_IRQHandler
                0x08001f6c                TIM2_IRQHandler
                0x08001f6c                OTG_FS_WKUP_IRQHandler
                0x08001f6c                TIM1_TRG_COM_TIM11_IRQHandler
                0x08001f6c                EXTI1_IRQHandler
                0x08001f6c                USART2_IRQHandler
                0x08001f6c                I2C2_ER_IRQHandler
                0x08001f6c                DMA2_Stream1_IRQHandler
                0x08001f6c                CAN1_SCE_IRQHandler
                0x08001f6c                FLASH_IRQHandler
                0x08001f6c                DMA2_Stream4_IRQHandler
                0x08001f6c                BusFault_Handler
                0x08001f6c                USART1_IRQHandler
                0x08001f6c                OTG_FS_IRQHandler
                0x08001f6c                SPI3_IRQHandler
                0x08001f6c                DMA1_Stream4_IRQHandler
                0x08001f6c                I2C1_ER_IRQHandler
                0x08001f6c                FMC_IRQHandler
                0x08001f6c                DMA2_Stream6_IRQHandler
                0x08001f6c                SAI1_IRQHandler
                0x08001f6c                DMA1_Stream3_IRQHandler
 .text.memcpy   0x08001f6e       0x1c C:/ST/STM32CubeIDE_1.19.0/STM32CubeIDE/plugins/com.st.stm32cube.ide.mcu.externaltools.gnu-tools-for-stm32.14.3.rel1.win32_1.0.100.202602081740/tools/bin/../lib/gcc/arm-none-eabi/14.3.1/../../../../arm-none-eabi/lib/thumb/v7e-m/nofp\libg_nano.a(libc_a-memcpy-stub.o)
                0x08001f6e                memcpy
 *(.glue_7)
 .glue_7        0x08001f8a        0x0 linker stubs
 *(.glue_7t)
 .glue_7t       0x08001f8a        0x0 linker stubs
 *(.eh_frame)
 *fill*         0x08001f8a        0x2 
 .eh_frame      0x08001f8c        0x0 C:/ST/STM32CubeIDE_1.19.0/STM32CubeIDE/plugins/com.st.stm32cube.ide.mcu.externaltools.gnu-tools-for-stm32.14.3.rel1.win32_1.0.100.202602081740/tools/bin/../lib/gcc/arm-none-eabi/14.3.1/thumb/v7e-m/nofp/crtbegin.o
 *(.init)
 .init          0x08001f8c        0x4 C:/ST/STM32CubeIDE_1.19.0/STM32CubeIDE/plugins/com.st.stm32cube.ide.mcu.externaltools.gnu-tools-for-stm32.14.3.rel1.win32_1.0.100.202602081740/tools/bin/../lib/gcc/arm-none-eabi/14.3.1/thumb/v7e-m/nofp/crti.o
                0x08001f8c                _init
 .init          0x08001f90        0x8 C:/ST/STM32CubeIDE_1.19.0/STM32CubeIDE/plugins/com.st.stm32cube.ide.mcu.externaltools.gnu-tools-for-stm32.14.3.rel1.win32_1.0.100.202602081740/tools/bin/../lib/gcc/arm-none-eabi/14.3.1/thumb/v7e-m/nofp/crtn.o
 *(.fini)
 .fini          0x08001f98        0x4 C:/ST/STM32CubeIDE_1.19.0/STM32CubeIDE/plugins/com.st.stm32cube.ide.mcu.externaltools.gnu-tools-for-stm32.14.3.rel1.win32_1.0.100.202602081740/tools/bin/../lib/gcc/arm-none-eabi/14.3.1/thumb/v7e-m/nofp/crti.o
                0x08001f98                _fini
 .fini          0x08001f9c        0x8 C:/ST/STM32CubeIDE_1.19.0/STM32CubeIDE/plugins/com.st.stm32cube.ide.mcu.externaltools.gnu-tools-for-stm32.14.3.rel1.win32_1.0.100.202602081740/tools/bin/../lib/gcc/arm-none-eabi/14.3.1/thumb/v7e-m/nofp/crtn.o
                0x08001fa4                        . = ALIGN (0x4)
                0x08001fa4                        _etext = .

.vfp11_veneer   0x08001fa4        0x0
 .vfp11_veneer  0x08001fa4        0x0 linker stubs

.v4_bx          0x08001fa4        0x0
 .v4_bx         0x08001fa4        0x0 linker stubs

.iplt           0x08001fa4        0x0
 .iplt          0x08001fa4        0x0 C:/ST/STM32CubeIDE_1.19.0/STM32CubeIDE/plugins/com.st.stm32cube.ide.mcu.externaltools.gnu-tools-for-stm32.14.3.rel1.win32_1.0.100.202602081740/tools/bin/../lib/gcc/arm-none-eabi/14.3.1/thumb/v7e-m/nofp/crtbegin.o

.rodata         0x08001fa4      0x148
                0x08001fa4                        . = ALIGN (0x4)
 *(.rodata)
 .rodata        0x08001fa4      0x145 CMakeFiles/USB_CDC_Driver_F446_Ext_PHY_HS.dir/Sources/usb_cdc_hs.c.obj
                0x08001fa4                deviceDescriptor
                0x08001fb8                configurationDescriptor
                0x08001ffc                deviceQualifierDescriptor
                0x08002008                otherSpeedConfigurationDescriptor
                0x0800204c                languageStringDescriptor
                0x08002050                manufactorStringDescriptor
                0x08002078                productStringDescriptor
                0x080020a4                stringInterface
                0x080020c0                configurationStringDescriptor
 *(.rodata*)
                0x080020ec                        . = ALIGN (0x4)
 *fill*         0x080020e9        0x3 

.ARM.extab      0x080020ec        0x0
                0x080020ec                        . = ALIGN (0x4)
 *(.ARM.extab* .gnu.linkonce.armextab.*)
                0x080020ec                        . = ALIGN (0x4)

.ARM            0x080020ec        0x0
                0x080020ec                        . = ALIGN (0x4)
                0x080020ec                        __exidx_start = .
 *(.ARM.exidx*)
                0x080020ec                        __exidx_end = .
                0x080020ec                        . = ALIGN (0x4)

.preinit_array  0x080020ec        0x0
                0x080020ec                        . = ALIGN (0x4)
                0x080020ec                        PROVIDE (__preinit_array_start = .)
 *(.preinit_array*)
                0x080020ec                        PROVIDE (__preinit_array_end = .)
                0x080020ec                        . = ALIGN (0x4)

.init_array     0x080020ec        0x4
                0x080020ec                        . = ALIGN (0x4)
                0x080020ec                        PROVIDE (__init_array_start = .)
 *(SORT_BY_NAME(.init_array.*))
 *(.init_array*)
 .init_array    0x080020ec        0x4 C:/ST/STM32CubeIDE_1.19.0/STM32CubeIDE/plugins/com.st.stm32cube.ide.mcu.externaltools.gnu-tools-for-stm32.14.3.rel1.win32_1.0.100.202602081740/tools/bin/../lib/gcc/arm-none-eabi/14.3.1/thumb/v7e-m/nofp/crtbegin.o
                0x080020f0                        PROVIDE (__init_array_end = .)
                0x080020f0                        . = ALIGN (0x4)

.fini_array     0x080020f0        0x4
                0x080020f0                        . = ALIGN (0x4)
                [!provide]                        PROVIDE (__fini_array_start = .)
 *(SORT_BY_NAME(.fini_array.*))
 *(.fini_array*)
 .fini_array    0x080020f0        0x4 C:/ST/STM32CubeIDE_1.19.0/STM32CubeIDE/plugins/com.st.stm32cube.ide.mcu.externaltools.gnu-tools-for-stm32.14.3.rel1.win32_1.0.100.202602081740/tools/bin/../lib/gcc/arm-none-eabi/14.3.1/thumb/v7e-m/nofp/crtbegin.o
                [!provide]                        PROVIDE (__fini_array_end = .)
                0x080020f4                        . = ALIGN (0x4)
                0x080020f4                        _sidata = LOADADDR (.data)

.rel.dyn        0x080020f4        0x0
 .rel.iplt      0x080020f4        0x0 C:/ST/STM32CubeIDE_1.19.0/STM32CubeIDE/plugins/com.st.stm32cube.ide.mcu.externaltools.gnu-tools-for-stm32.14.3.rel1.win32_1.0.100.202602081740/tools/bin/../lib/gcc/arm-none-eabi/14.3.1/thumb/v7e-m/nofp/crtbegin.o

.data           0x20000000        0xc load address 0x080020f4
                0x20000000                        . = ALIGN (0x4)
                0x20000000                        _sdata = .
 *(.data)
 .data          0x20000000        0x4 CMakeFiles/USB_CDC_Driver_F446_Ext_PHY_HS.dir/Sources/main.c.obj
                0x20000000                SystemCoreClock
 .data          0x20000004        0x7 CMakeFiles/USB_CDC_Driver_F446_Ext_PHY_HS.dir/Sources/usb_cdc_hs.c.obj
 *(.data*)
 *(.RamFunc)
 *(.RamFunc*)
                0x2000000c                        . = ALIGN (0x4)
 *fill*         0x2000000b        0x1 
                0x2000000c                        _edata = .

.igot.plt       0x2000000c        0x0 load address 0x08002100
 .igot.plt      0x2000000c        0x0 C:/ST/STM32CubeIDE_1.19.0/STM32CubeIDE/plugins/com.st.stm32cube.ide.mcu.externaltools.gnu-tools-for-stm32.14.3.rel1.win32_1.0.100.202602081740/tools/bin/../lib/gcc/arm-none-eabi/14.3.1/thumb/v7e-m/nofp/crtbegin.o
                0x2000000c                        . = ALIGN (0x4)

.bss            0x2000000c     0x1798 load address 0x08002100
                0x2000000c                        _sbss = .
                0x2000000c                        __bss_start__ = _sbss
 *(.bss)
 .bss           0x2000000c       0x1c C:/ST/STM32CubeIDE_1.19.0/STM32CubeIDE/plugins/com.st.stm32cube.ide.mcu.externaltools.gnu-tools-for-stm32.14.3.rel1.win32_1.0.100.202602081740/tools/bin/../lib/gcc/arm-none-eabi/14.3.1/thumb/v7e-m/nofp/crtbegin.o
 .bss           0x20000028      0x20c CMakeFiles/USB_CDC_Driver_F446_Ext_PHY_HS.dir/Sources/main.c.obj
                0x20000028                flag
                0x20000230                msTicks
 .bss           0x20000234     0x1570 CMakeFiles/USB_CDC_Driver_F446_Ext_PHY_HS.dir/Sources/usb_cdc_hs.c.obj
                0x20000274                serialNumberStringDescriptor
                0x200002ac                EndPoint
                0x20000d1c                circBufferRx
 *(.bss*)
 *(COMMON)
                0x200017a4                        . = ALIGN (0x4)
                0x200017a4                        _ebss = .
                0x200017a4                        __bss_end__ = _ebss

._user_heap_stack
                0x200017a4      0x604 load address 0x08002100
                0x200017a8                        . = ALIGN (0x8)
 *fill*         0x200017a4        0x4 
                [!provide]                        PROVIDE (end = .)
                0x200017a8                        PROVIDE (_end = .)
                0x200019a8                        . = (. + _Min_Heap_Size)
 *fill*         0x200017a8      0x200 
                0x20001da8                        . = (. + _Min_Stack_Size)
 *fill*         0x200019a8      0x400 
                0x20001da8                        . = ALIGN (0x8)

/DISCARD/
 libc.a(*)
 libm.a(*)
 libgcc.a(*)

.ARM.attributes
                0x00000000       0x2a
 *(.ARM.attributes)
 .ARM.attributes
                0x00000000       0x1e C:/ST/STM32CubeIDE_1.19.0/STM32CubeIDE/plugins/com.st.stm32cube.ide.mcu.externaltools.gnu-tools-for-stm32.14.3.rel1.win32_1.0.100.202602081740/tools/bin/../lib/gcc/arm-none-eabi/14.3.1/thumb/v7e-m/nofp/crti.o
 .ARM.attributes
                0x0000001e       0x2e C:/ST/STM32CubeIDE_1.19.0/STM32CubeIDE/plugins/com.st.stm32cube.ide.mcu.externaltools.gnu-tools-for-stm32.14.3.rel1.win32_1.0.100.202602081740/tools/bin/../lib/gcc/arm-none-eabi/14.3.1/thumb/v7e-m/nofp/crtbegin.o
 .ARM.attributes
                0x0000004c       0x2e C:/ST/STM32CubeIDE_1.19.0/STM32CubeIDE/plugins/com.st.stm32cube.ide.mcu.externaltools.gnu-tools-for-stm32.14.3.rel1.win32_1.0.100.202602081740/tools/bin/../lib/gcc/arm-none-eabi/14.3.1/../../../../arm-none-eabi/lib/thumb/v7e-m/nofp\libc_nano.a(libc_a-init.o)
 .ARM.attributes
                0x0000007a       0x21 CMakeFiles/USB_CDC_Driver_F446_Ext_PHY_HS.dir/Startup/startup_stm32f446vetx.s.obj
 .ARM.attributes
                0x0000009b       0x2e CMakeFiles/USB_CDC_Driver_F446_Ext_PHY_HS.dir/Sources/main.c.obj
 .ARM.attributes
                0x000000c9       0x2e CMakeFiles/USB_CDC_Driver_F446_Ext_PHY_HS.dir/Sources/usb_cdc_hs.c.obj
 .ARM.attributes
                0x000000f7       0x2e CMakeFiles/USB_CDC_Driver_F446_Ext_PHY_HS.dir/Sources/myConfig.c.obj
 .ARM.attributes
                0x00000125       0x2e CMakeFiles/USB_CDC_Driver_F446_Ext_PHY_HS.dir/Sources/timers.c.obj
 .ARM.attributes
                0x00000153       0x2e C:/ST/STM32CubeIDE_1.19.0/STM32CubeIDE/plugins/com.st.stm32cube.ide.mcu.externaltools.gnu-tools-for-stm32.14.3.rel1.win32_1.0.100.202602081740/tools/bin/../lib/gcc/arm-none-eabi/14.3.1/../../../../arm-none-eabi/lib/thumb/v7e-m/nofp\libg_nano.a(libc_a-memcpy-stub.o)
 .ARM.attributes
                0x00000181       0x1e C:/ST/STM32CubeIDE_1.19.0/STM32CubeIDE/plugins/com.st.stm32cube.ide.mcu.externaltools.gnu-tools-for-stm32.14.3.rel1.win32_1.0.100.202602081740/tools/bin/../lib/gcc/arm-none-eabi/14.3.1/thumb/v7e-m/nofp/crtn.o
OUTPUT(USB_CDC_Driver_F446_Ext_PHY_HS.elf elf32-littlearm)
LOAD linker stubs
LOAD C:/ST/STM32CubeIDE_1.19.0/STM32CubeIDE/plugins/com.st.stm32cube.ide.mcu.externaltools.gnu-tools-for-stm32.14.3.rel1.win32_1.0.100.202602081740/tools/bin/../lib/gcc/arm-none-eabi/14.3.1/../../../../arm-none-eabi/lib/thumb/v7e-m/nofp\libc.a
LOAD C:/ST/STM32CubeIDE_1.19.0/STM32CubeIDE/plugins/com.st.stm32cube.ide.mcu.externaltools.gnu-tools-for-stm32.14.3.rel1.win32_1.0.100.202602081740/tools/bin/../lib/gcc/arm-none-eabi/14.3.1/../../../../arm-none-eabi/lib/thumb/v7e-m/nofp\libm.a
LOAD C:/ST/STM32CubeIDE_1.19.0/STM32CubeIDE/plugins/com.st.stm32cube.ide.mcu.externaltools.gnu-tools-for-stm32.14.3.rel1.win32_1.0.100.202602081740/tools/bin/../lib/gcc/arm-none-eabi/14.3.1/thumb/v7e-m/nofp\libgcc.a

.debug_frame    0x00000000      0x770
 .debug_frame   0x00000000       0x2c C:/ST/STM32CubeIDE_1.19.0/STM32CubeIDE/plugins/com.st.stm32cube.ide.mcu.externaltools.gnu-tools-for-stm32.14.3.rel1.win32_1.0.100.202602081740/tools/bin/../lib/gcc/arm-none-eabi/14.3.1/../../../../arm-none-eabi/lib/thumb/v7e-m/nofp\libc_nano.a(libc_a-init.o)
 .debug_frame   0x0000002c       0xec CMakeFiles/USB_CDC_Driver_F446_Ext_PHY_HS.dir/Sources/main.c.obj
 .debug_frame   0x00000118      0x56c CMakeFiles/USB_CDC_Driver_F446_Ext_PHY_HS.dir/Sources/usb_cdc_hs.c.obj
 .debug_frame   0x00000684       0x90 CMakeFiles/USB_CDC_Driver_F446_Ext_PHY_HS.dir/Sources/myConfig.c.obj
 .debug_frame   0x00000714       0x34 CMakeFiles/USB_CDC_Driver_F446_Ext_PHY_HS.dir/Sources/timers.c.obj
 .debug_frame   0x00000748       0x28 C:/ST/STM32CubeIDE_1.19.0/STM32CubeIDE/plugins/com.st.stm32cube.ide.mcu.externaltools.gnu-tools-for-stm32.14.3.rel1.win32_1.0.100.202602081740/tools/bin/../lib/gcc/arm-none-eabi/14.3.1/../../../../arm-none-eabi/lib/thumb/v7e-m/nofp\libg_nano.a(libc_a-memcpy-stub.o)

.debug_line     0x00000000     0x1fe4
 .debug_line    0x00000000       0x7b CMakeFiles/USB_CDC_Driver_F446_Ext_PHY_HS.dir/Startup/startup_stm32f446vetx.s.obj
 .debug_line    0x0000007b      0x4ab CMakeFiles/USB_CDC_Driver_F446_Ext_PHY_HS.dir/Sources/main.c.obj
 .debug_line    0x00000526     0x1198 CMakeFiles/USB_CDC_Driver_F446_Ext_PHY_HS.dir/Sources/usb_cdc_hs.c.obj
 .debug_line    0x000016be      0x438 CMakeFiles/USB_CDC_Driver_F446_Ext_PHY_HS.dir/Sources/myConfig.c.obj
 .debug_line    0x00001af6      0x2ec CMakeFiles/USB_CDC_Driver_F446_Ext_PHY_HS.dir/Sources/timers.c.obj
 .debug_line    0x00001de2      0x202 C:/ST/STM32CubeIDE_1.19.0/STM32CubeIDE/plugins/com.st.stm32cube.ide.mcu.externaltools.gnu-tools-for-stm32.14.3.rel1.win32_1.0.100.202602081740/tools/bin/../lib/gcc/arm-none-eabi/14.3.1/../../../../arm-none-eabi/lib/thumb/v7e-m/nofp\libg_nano.a(libc_a-memcpy-stub.o)

.debug_line_str
                0x00000000       0xc6
 .debug_line_str
                0x00000000       0xc6 CMakeFiles/USB_CDC_Driver_F446_Ext_PHY_HS.dir/Startup/startup_stm32f446vetx.s.obj

.debug_info     0x00000000     0x3831
 .debug_info    0x00000000       0x30 CMakeFiles/USB_CDC_Driver_F446_Ext_PHY_HS.dir/Startup/startup_stm32f446vetx.s.obj
 .debug_info    0x00000030      0xbf1 CMakeFiles/USB_CDC_Driver_F446_Ext_PHY_HS.dir/Sources/main.c.obj
 .debug_info    0x00000c21     0x1e0c CMakeFiles/USB_CDC_Driver_F446_Ext_PHY_HS.dir/Sources/usb_cdc_hs.c.obj
 .debug_info    0x00002a2d      0xbee CMakeFiles/USB_CDC_Driver_F446_Ext_PHY_HS.dir/Sources/myConfig.c.obj
 .debug_info    0x0000361b       0xf5 CMakeFiles/USB_CDC_Driver_F446_Ext_PHY_HS.dir/Sources/timers.c.obj
 .debug_info    0x00003710      0x121 C:/ST/STM32CubeIDE_1.19.0/STM32CubeIDE/plugins/com.st.stm32cube.ide.mcu.externaltools.gnu-tools-for-stm32.14.3.rel1.win32_1.0.100.202602081740/tools/bin/../lib/gcc/arm-none-eabi/14.3.1/../../../../arm-none-eabi/lib/thumb/v7e-m/nofp\libg_nano.a(libc_a-memcpy-stub.o)

.debug_abbrev   0x00000000      0x9df
 .debug_abbrev  0x00000000       0x24 CMakeFiles/USB_CDC_Driver_F446_Ext_PHY_HS.dir/Startup/startup_stm32f446vetx.s.obj
 .debug_abbrev  0x00000024      0x2f4 CMakeFiles/USB_CDC_Driver_F446_Ext_PHY_HS.dir/Sources/main.c.obj
 .debug_abbrev  0x00000318      0x3f8 CMakeFiles/USB_CDC_Driver_F446_Ext_PHY_HS.dir/Sources/usb_cdc_hs.c.obj
 .debug_abbrev  0x00000710      0x16f CMakeFiles/USB_CDC_Driver_F446_Ext_PHY_HS.dir/Sources/myConfig.c.obj
 .debug_abbrev  0x0000087f       0x9f CMakeFiles/USB_CDC_Driver_F446_Ext_PHY_HS.dir/Sources/timers.c.obj
 .debug_abbrev  0x0000091e       0xc1 C:/ST/STM32CubeIDE_1.19.0/STM32CubeIDE/plugins/com.st.stm32cube.ide.mcu.externaltools.gnu-tools-for-stm32.14.3.rel1.win32_1.0.100.202602081740/tools/bin/../lib/gcc/arm-none-eabi/14.3.1/../../../../arm-none-eabi/lib/thumb/v7e-m/nofp\libg_nano.a(libc_a-memcpy-stub.o)

.debug_aranges  0x00000000       0xc8
 .debug_aranges
                0x00000000       0x28 CMakeFiles/USB_CDC_Driver_F446_Ext_PHY_HS.dir/Startup/startup_stm32f446vetx.s.obj
 .debug_aranges
                0x00000028       0x20 CMakeFiles/USB_CDC_Driver_F446_Ext_PHY_HS.dir/Sources/main.c.obj
 .debug_aranges
                0x00000048       0x20 CMakeFiles/USB_CDC_Driver_F446_Ext_PHY_HS.dir/Sources/usb_cdc_hs.c.obj
 .debug_aranges
                0x00000068       0x20 CMakeFiles/USB_CDC_Driver_F446_Ext_PHY_HS.dir/Sources/myConfig.c.obj
 .debug_aranges
                0x00000088       0x20 CMakeFiles/USB_CDC_Driver_F446_Ext_PHY_HS.dir/Sources/timers.c.obj
 .debug_aranges
                0x000000a8       0x20 C:/ST/STM32CubeIDE_1.19.0/STM32CubeIDE/plugins/com.st.stm32cube.ide.mcu.externaltools.gnu-tools-for-stm32.14.3.rel1.win32_1.0.100.202602081740/tools/bin/../lib/gcc/arm-none-eabi/14.3.1/../../../../arm-none-eabi/lib/thumb/v7e-m/nofp\libg_nano.a(libc_a-memcpy-stub.o)

.debug_str      0x00000000     0x17ff
 .debug_str     0x00000000     0x17ff CMakeFiles/USB_CDC_Driver_F446_Ext_PHY_HS.dir/Startup/startup_stm32f446vetx.s.obj
                                 0xe2 (size before relaxing)
 .debug_str     0x000017ff      0xad2 CMakeFiles/USB_CDC_Driver_F446_Ext_PHY_HS.dir/Sources/main.c.obj
 .debug_str     0x000017ff     0x13b5 CMakeFiles/USB_CDC_Driver_F446_Ext_PHY_HS.dir/Sources/usb_cdc_hs.c.obj
 .debug_str     0x000017ff      0xa4d CMakeFiles/USB_CDC_Driver_F446_Ext_PHY_HS.dir/Sources/myConfig.c.obj
 .debug_str     0x000017ff      0x1f1 CMakeFiles/USB_CDC_Driver_F446_Ext_PHY_HS.dir/Sources/timers.c.obj
 .debug_str     0x000017ff      0x229 C:/ST/STM32CubeIDE_1.19.0/STM32CubeIDE/plugins/com.st.stm32cube.ide.mcu.externaltools.gnu-tools-for-stm32.14.3.rel1.win32_1.0.100.202602081740/tools/bin/../lib/gcc/arm-none-eabi/14.3.1/../../../../arm-none-eabi/lib/thumb/v7e-m/nofp\libg_nano.a(libc_a-memcpy-stub.o)

.debug_rnglists
                0x00000000       0x65
 .debug_rnglists
                0x00000000       0x19 CMakeFiles/USB_CDC_Driver_F446_Ext_PHY_HS.dir/Startup/startup_stm32f446vetx.s.obj
 .debug_rnglists
                0x00000019       0x17 CMakeFiles/USB_CDC_Driver_F446_Ext_PHY_HS.dir/Sources/main.c.obj
 .debug_rnglists
                0x00000030       0x22 CMakeFiles/USB_CDC_Driver_F446_Ext_PHY_HS.dir/Sources/usb_cdc_hs.c.obj
 .debug_rnglists
                0x00000052       0x13 C:/ST/STM32CubeIDE_1.19.0/STM32CubeIDE/plugins/com.st.stm32cube.ide.mcu.externaltools.gnu-tools-for-stm32.14.3.rel1.win32_1.0.100.202602081740/tools/bin/../lib/gcc/arm-none-eabi/14.3.1/../../../../arm-none-eabi/lib/thumb/v7e-m/nofp\libg_nano.a(libc_a-memcpy-stub.o)

.comment        0x00000000       0x43
 .comment       0x00000000       0x43 CMakeFiles/USB_CDC_Driver_F446_Ext_PHY_HS.dir/Sources/main.c.obj
                                 0x44 (size before relaxing)
 .comment       0x00000043       0x44 CMakeFiles/USB_CDC_Driver_F446_Ext_PHY_HS.dir/Sources/usb_cdc_hs.c.obj
 .comment       0x00000043       0x44 CMakeFiles/USB_CDC_Driver_F446_Ext_PHY_HS.dir/Sources/myConfig.c.obj
 .comment       0x00000043       0x44 CMakeFiles/USB_CDC_Driver_F446_Ext_PHY_HS.dir/Sources/timers.c.obj
 .comment       0x00000043       0x44 C:/ST/STM32CubeIDE_1.19.0/STM32CubeIDE/plugins/com.st.stm32cube.ide.mcu.externaltools.gnu-tools-for-stm32.14.3.rel1.win32_1.0.100.202602081740/tools/bin/../lib/gcc/arm-none-eabi/14.3.1/../../../../arm-none-eabi/lib/thumb/v7e-m/nofp\libg_nano.a(libc_a-memcpy-stub.o)

.debug_loclists
                0x00000000       0xad
 .debug_loclists
                0x00000000       0xad C:/ST/STM32CubeIDE_1.19.0/STM32CubeIDE/plugins/com.st.stm32cube.ide.mcu.externaltools.gnu-tools-for-stm32.14.3.rel1.win32_1.0.100.202602081740/tools/bin/../lib/gcc/arm-none-eabi/14.3.1/../../../../arm-none-eabi/lib/thumb/v7e-m/nofp\libg_nano.a(libc_a-memcpy-stub.o)
