Archive member included to satisfy reference by file (symbol)

C:/ST/STM32CubeIDE_1.19.0/STM32CubeIDE/plugins/com.st.stm32cube.ide.mcu.externaltools.gnu-tools-for-stm32.14.3.rel1.win32_1.0.100.202602081740/tools/bin/../lib/gcc/arm-none-eabi/14.3.1/../../../../arm-none-eabi/lib/thumb/v7e-m/nofp\libc_nano.a(libc_a-exit.o)
                              C:/ST/STM32CubeIDE_1.19.0/STM32CubeIDE/plugins/com.st.stm32cube.ide.mcu.externaltools.gnu-tools-for-stm32.14.3.rel1.win32_1.0.100.202602081740/tools/bin/../lib/gcc/arm-none-eabi/14.3.1/../../../../arm-none-eabi/lib/thumb/v7e-m/nofp/crt0.o (exit)
C:/ST/STM32CubeIDE_1.19.0/STM32CubeIDE/plugins/com.st.stm32cube.ide.mcu.externaltools.gnu-tools-for-stm32.14.3.rel1.win32_1.0.100.202602081740/tools/bin/../lib/gcc/arm-none-eabi/14.3.1/../../../../arm-none-eabi/lib/thumb/v7e-m/nofp\libc_nano.a(libc_a-findfp.o)
                              C:/ST/STM32CubeIDE_1.19.0/STM32CubeIDE/plugins/com.st.stm32cube.ide.mcu.externaltools.gnu-tools-for-stm32.14.3.rel1.win32_1.0.100.202602081740/tools/bin/../lib/gcc/arm-none-eabi/14.3.1/../../../../arm-none-eabi/lib/thumb/v7e-m/nofp\libc_nano.a(libc_a-exit.o) (__stdio_exit_handler)
C:/ST/STM32CubeIDE_1.19.0/STM32CubeIDE/plugins/com.st.stm32cube.ide.mcu.externaltools.gnu-tools-for-stm32.14.3.rel1.win32_1.0.100.202602081740/tools/bin/../lib/gcc/arm-none-eabi/14.3.1/../../../../arm-none-eabi/lib/thumb/v7e-m/nofp\libc_nano.a(libc_a-fwalk.o)
                              C:/ST/STM32CubeIDE_1.19.0/STM32CubeIDE/plugins/com.st.stm32cube.ide.mcu.externaltools.gnu-tools-for-stm32.14.3.rel1.win32_1.0.100.202602081740/tools/bin/../lib/gcc/arm-none-eabi/14.3.1/../../../../arm-none-eabi/lib/thumb/v7e-m/nofp\libc_nano.a(libc_a-findfp.o) (_fwalk_sglue)
C:/ST/STM32CubeIDE_1.19.0/STM32CubeIDE/plugins/com.st.stm32cube.ide.mcu.externaltools.gnu-tools-for-stm32.14.3.rel1.win32_1.0.100.202602081740/tools/bin/../lib/gcc/arm-none-eabi/14.3.1/../../../../arm-none-eabi/lib/thumb/v7e-m/nofp\libc_nano.a(libc_a-stdio.o)
                              C:/ST/STM32CubeIDE_1.19.0/STM32CubeIDE/plugins/com.st.stm32cube.ide.mcu.externaltools.gnu-tools-for-stm32.14.3.rel1.win32_1.0.100.202602081740/tools/bin/../lib/gcc/arm-none-eabi/14.3.1/../../../../arm-none-eabi/lib/thumb/v7e-m/nofp\libc_nano.a(libc_a-findfp.o) (__sread)
C:/ST/STM32CubeIDE_1.19.0/STM32CubeIDE/plugins/com.st.stm32cube.ide.mcu.externaltools.gnu-tools-for-stm32.14.3.rel1.win32_1.0.100.202602081740/tools/bin/../lib/gcc/arm-none-eabi/14.3.1/../../../../arm-none-eabi/lib/thumb/v7e-m/nofp\libc_nano.a(libc_a-memset.o)
                              C:/ST/STM32CubeIDE_1.19.0/STM32CubeIDE/plugins/com.st.stm32cube.ide.mcu.externaltools.gnu-tools-for-stm32.14.3.rel1.win32_1.0.100.202602081740/tools/bin/../lib/gcc/arm-none-eabi/14.3.1/../../../../arm-none-eabi/lib/thumb/v7e-m/nofp/crt0.o (memset)
C:/ST/STM32CubeIDE_1.19.0/STM32CubeIDE/plugins/com.st.stm32cube.ide.mcu.externaltools.gnu-tools-for-stm32.14.3.rel1.win32_1.0.100.202602081740/tools/bin/../lib/gcc/arm-none-eabi/14.3.1/../../../../arm-none-eabi/lib/thumb/v7e-m/nofp\libc_nano.a(libc_a-closer.o)
                              C:/ST/STM32CubeIDE_1.19.0/STM32CubeIDE/plugins/com.st.stm32cube.ide.mcu.externaltools.gnu-tools-for-stm32.14.3.rel1.win32_1.0.100.202602081740/tools/bin/../lib/gcc/arm-none-eabi/14.3.1/../../../../arm-none-eabi/lib/thumb/v7e-m/nofp\libc_nano.a(libc_a-stdio.o) (_close_r)
C:/ST/STM32CubeIDE_1.19.0/STM32CubeIDE/plugins/com.st.stm32cube.ide.mcu.externaltools.gnu-tools-for-stm32.14.3.rel1.win32_1.0.100.202602081740/tools/bin/../lib/gcc/arm-none-eabi/14.3.1/../../../../arm-none-eabi/lib/thumb/v7e-m/nofp\libc_nano.a(libc_a-reent.o)
                              C:/ST/STM32CubeIDE_1.19.0/STM32CubeIDE/plugins/com.st.stm32cube.ide.mcu.externaltools.gnu-tools-for-stm32.14.3.rel1.win32_1.0.100.202602081740/tools/bin/../lib/gcc/arm-none-eabi/14.3.1/../../../../arm-none-eabi/lib/thumb/v7e-m/nofp\libc_nano.a(libc_a-closer.o) (errno)
C:/ST/STM32CubeIDE_1.19.0/STM32CubeIDE/plugins/com.st.stm32cube.ide.mcu.externaltools.gnu-tools-for-stm32.14.3.rel1.win32_1.0.100.202602081740/tools/bin/../lib/gcc/arm-none-eabi/14.3.1/../../../../arm-none-eabi/lib/thumb/v7e-m/nofp\libc_nano.a(libc_a-impure.o)
                              C:/ST/STM32CubeIDE_1.19.0/STM32CubeIDE/plugins/com.st.stm32cube.ide.mcu.externaltools.gnu-tools-for-stm32.14.3.rel1.win32_1.0.100.202602081740/tools/bin/../lib/gcc/arm-none-eabi/14.3.1/../../../../arm-none-eabi/lib/thumb/v7e-m/nofp\libc_nano.a(libc_a-reent.o) (_impure_ptr)
C:/ST/STM32CubeIDE_1.19.0/STM32CubeIDE/plugins/com.st.stm32cube.ide.mcu.externaltools.gnu-tools-for-stm32.14.3.rel1.win32_1.0.100.202602081740/tools/bin/../lib/gcc/arm-none-eabi/14.3.1/../../../../arm-none-eabi/lib/thumb/v7e-m/nofp\libc_nano.a(libc_a-lseekr.o)
[...]
Memory Configuration

Name             Origin             Length             Attributes
RAM              0x20000000         0x00020000         xrw
FLASH            0x08000000         0x00080000         xr
*default*        0x00000000         0xffffffff

Linker script and memory map

LOAD C:/ST/STM32CubeIDE_1.19.0/STM32CubeIDE/plugins/com.st.stm32cube.ide.mcu.externaltools.gnu-tools-for-stm32.14.3.rel1.win32_1.0.100.202602081740/tools/bin/../lib/gcc/arm-none-eabi/14.3.1/thumb/v7e-m/nofp/crti.o
LOAD C:/ST/STM32CubeIDE_1.19.0/STM32CubeIDE/plugins/com.st.stm32cube.ide.mcu.externaltools.gnu-tools-for-stm32.14.3.rel1.win32_1.0.100.202602081740/tools/bin/../lib/gcc/arm-none-eabi/14.3.1/thumb/v7e-m/nofp/crtbegin.o
LOAD C:/ST/STM32CubeIDE_1.19.0/STM32CubeIDE/plugins/com.st.stm32cube.ide.mcu.externaltools.gnu-tools-for-stm32.14.3.rel1.win32_1.0.100.202602081740/tools/bin/../lib/gcc/arm-none-eabi/14.3.1/../../../../arm-none-eabi/lib/thumb/v7e-m/nofp/crt0.o
START GROUP
LOAD C:/ST/STM32CubeIDE_1.19.0/STM32CubeIDE/plugins/com.st.stm32cube.ide.mcu.externaltools.gnu-tools-for-stm32.14.3.rel1.win32_1.0.100.202602081740/tools/bin/../lib/gcc/arm-none-eabi/14.3.1/../../../../arm-none-eabi/lib/thumb/v7e-m/nofp\libc_nano.a
LOAD C:/ST/STM32CubeIDE_1.19.0/STM32CubeIDE/plugins/com.st.stm32cube.ide.mcu.externaltools.gnu-tools-for-stm32.14.3.rel1.win32_1.0.100.202602081740/tools/bin/../lib/gcc/arm-none-eabi/14.3.1/../../../../arm-none-eabi/lib/thumb/v7e-m/nofp\libm.a
END GROUP
LOAD CMakeFiles/USB_CDC_Driver_F446_Ext_PHY_HS.dir/Startup/startup_stm32f446vetx.s.obj
LOAD CMakeFiles/USB_CDC_Driver_F446_Ext_PHY_HS.dir/Sources/main.c.obj
LOAD CMakeFiles/USB_CDC_Driver_F446_Ext_PHY_HS.dir/Sources/syscalls.c.obj
LOAD CMakeFiles/USB_CDC_Driver_F446_Ext_PHY_HS.dir/Sources/sysmem.c.obj
LOAD CMakeFiles/USB_CDC_Driver_F446_Ext_PHY_HS.dir/Sources/usb_cdc_hs.c.obj
LOAD CMakeFiles/USB_CDC_Driver_F446_Ext_PHY_HS.dir/Sources/myConfig.c.obj
LOAD CMakeFiles/USB_CDC_Driver_F446_Ext_PHY_HS.dir/Sources/timers.c.obj
START GROUP
LOAD C:/ST/STM32CubeIDE_1.19.0/STM32CubeIDE/plugins/com.st.stm32cube.ide.mcu.externaltools.gnu-tools-for-stm32.14.3.rel1.win32_1.0.100.202602081740/tools/bin/../lib/gcc/arm-none-eabi/14.3.1/thumb/v7e-m/nofp\libgcc.a
LOAD C:/ST/STM32CubeIDE_1.19.0/STM32CubeIDE/plugins/com.st.stm32cube.ide.mcu.externaltools.gnu-tools-for-stm32.14.3.rel1.win32_1.0.100.202602081740/tools/bin/../lib/gcc/arm-none-eabi/14.3.1/../../../../arm-none-eabi/lib/thumb/v7e-m/nofp\libg_nano.a
LOAD C:/ST/STM32CubeIDE_1.19.0/STM32CubeIDE/plugins/com.st.stm32cube.ide.mcu.externaltools.gnu-tools-for-stm32.14.3.rel1.win32_1.0.100.202602081740/tools/bin/../lib/gcc/arm-none-eabi/14.3.1/../../../../arm-none-eabi/lib/thumb/v7e-m/nofp\libc_nano.a
END GROUP
START GROUP
LOAD C:/ST/STM32CubeIDE_1.19.0/STM32CubeIDE/plugins/com.st.stm32cube.ide.mcu.externaltools.gnu-tools-for-stm32.14.3.rel1.win32_1.0.100.202602081740/tools/bin/../lib/gcc/arm-none-eabi/14.3.1/thumb/v7e-m/nofp\libgcc.a
LOAD C:/ST/STM32CubeIDE_1.19.0/STM32CubeIDE/plugins/com.st.stm32cube.ide.mcu.externaltools.gnu-tools-for-stm32.14.3.rel1.win32_1.0.100.202602081740/tools/bin/../lib/gcc/arm-none-eabi/14.3.1/../../../../arm-none-eabi/lib/thumb/v7e-m/nofp\libc_nano.a
LOAD C:/ST/STM32CubeIDE_1.19.0/STM32CubeIDE/plugins/com.st.stm32cube.ide.mcu.externaltools.gnu-tools-for-stm32.14.3.rel1.win32_1.0.100.202602081740/tools/bin/../lib/gcc/arm-none-eabi/14.3.1/../../../../arm-none-eabi/lib/thumb/v7e-m/nofp\libnosys.a
END GROUP
START GROUP
LOAD C:/ST/STM32CubeIDE_1.19.0/STM32CubeIDE/plugins/com.st.stm32cube.ide.mcu.externaltools.gnu-tools-for-stm32.14.3.rel1.win32_1.0.100.202602081740/tools/bin/../lib/gcc/arm-none-eabi/14.3.1/thumb/v7e-m/nofp\libgcc.a
LOAD C:/ST/STM32CubeIDE_1.19.0/STM32CubeIDE/plugins/com.st.stm32cube.ide.mcu.externaltools.gnu-tools-for-stm32.14.3.rel1.win32_1.0.100.202602081740/tools/bin/../lib/gcc/arm-none-eabi/14.3.1/../../../../arm-none-eabi/lib/thumb/v7e-m/nofp\libc_nano.a
LOAD C:/ST/STM32CubeIDE_1.19.0/STM32CubeIDE/plugins/com.st.stm32cube.ide.mcu.externaltools.gnu-tools-for-stm32.14.3.rel1.win32_1.0.100.202602081740/tools/bin/../lib/gcc/arm-none-eabi/14.3.1/../../../../arm-none-eabi/lib/thumb/v7e-m/nofp\libnosys.a
END GROUP
LOAD C:/ST/STM32CubeIDE_1.19.0/STM32CubeIDE/plugins/com.st.stm32cube.ide.mcu.externaltools.gnu-tools-for-stm32.14.3.rel1.win32_1.0.100.202602081740/tools/bin/../lib/gcc/arm-none-eabi/14.3.1/thumb/v7e-m/nofp/crtend.o
LOAD C:/ST/STM32CubeIDE_1.19.0/STM32CubeIDE/plugins/com.st.stm32cube.ide.mcu.externaltools.gnu-tools-for-stm32.14.3.rel1.win32_1.0.100.202602081740/tools/bin/../lib/gcc/arm-none-eabi/14.3.1/thumb/v7e-m/nofp/crtn.o
                0x20020000                        _estack = (ORIGIN (RAM) + LENGTH (RAM))
                0x00000200                        _Min_Heap_Size = 0x200
                0x00000400                        _Min_Stack_Size = 0x400

.isr_vector     0x08000000      0x1c4
                0x08000000                        . = ALIGN (0x4)
 *(.isr_vector)
 .isr_vector    0x08000000      0x1c4 CMakeFiles/USB_CDC_Driver_F446_Ext_PHY_HS.dir/Startup/startup_stm32f446vetx.s.obj
                0x08000000                g_pfnVectors
                0x080001c4                        . = ALIGN (0x4)

.text           0x080001c4     0x1e0c
                0x080001c4                        . = ALIGN (0x4)
 *(.text)
 .text          0x080001c4       0x40 C:/ST/STM32CubeIDE_1.19.0/STM32CubeIDE/plugins/com.st.stm32cube.ide.mcu.externaltools.gnu-tools-for-stm32.14.3.rel1.win32_1.0.100.202602081740/tools/bin/../lib/gcc/arm-none-eabi/14.3.1/thumb/v7e-m/nofp/crtbegin.o
 .text          0x08000204      0x1cc CMakeFiles/USB_CDC_Driver_F446_Ext_PHY_HS.dir/Sources/main.c.obj
                0x080002c8                main
                0x08000350                USB_CDC_UserRxCallBack_EP1
                0x08000370                RTC_WKUP_IRQHandler
                0x080003b4                SysTick_Handler
 .text          0x080003d0     0x18f4 CMakeFiles/USB_CDC_Driver_F446_Ext_PHY_HS.dir/Sources/usb_cdc_hs.c.obj
                0x0800045c                GetSysTick
                0x0800053c                write_to_circBufferTx
                0x080007b8                SystemClock_Config
                0x0800088c                USB_OTG_HS_GPIO_Init
                0x08000a24                USB_OTG_HS_Core_Init
                0x08000adc                USB_OTG_HS_FIFO_and_Interrupts_Init
                0x08000b54                USB_OTG_HS_Connect
                0x08000b78                USB_OTG_HS_Disconnect
                0x08000dfc                USB_CDC_SetSerialNumber
                0x08000ebc                USB_CDC_ForceResetState
                0x08000fa0                send_zlp
                0x08000ffc                USB_FlushTxFifo
                0x08001044                USB_FlushRxFifo
                0x08001084                USB_CDC_transferTXCallback
                0x08001190                USB_CDC_setTxBuffer
                0x08001284                USB_CDC_transferRXCallback_EP0
                0x080012fc                USB_CDC_transferRXCallback_EP1
                0x0800132c                enumerate_Reset
                0x080013c4                enumerate_Setup
                0x08001734                USB_CDC_transmit_scheduler
                0x080017cc                clear_USB_device_status
                0x080017f4                check_USB_device_status
                0x08001884                USB_CDC_Write
                0x0800196e                USB_CDC_Read
                0x080019d8                OTG_HS_IRQHandler
 .text          0x08001cc4      0x20c CMakeFiles/USB_CDC_Driver_F446_Ext_PHY_HS.dir/Sources/myConfig.c.obj
                0x08001d50                activateFPU
                0x08001d5c                heartBeatLed
 .text          0x08001ed0       0x30 CMakeFiles/USB_CDC_Driver_F446_Ext_PHY_HS.dir/Sources/timers.c.obj
                0x08001ed0                NBdelay_ms
 *(.text*)
 .text.__libc_init_array
                0x08001f00       0x48 C:/ST/STM32CubeIDE_1.19.0/STM32CubeIDE/plugins/com.st.stm32cube.ide.mcu.externaltools.gnu-tools-for-stm32.14.3.rel1.win32_1.0.100.202602081740/tools/bin/../lib/gcc/arm-none-eabi/14.3.1/../../../../arm-none-eabi/lib/thumb/v7e-m/nofp\libc_nano.a(libc_a-init.o)
                0x08001f00                __libc_init_array
 .text.Reset_Handler
                0x08001f48       0x50 CMakeFiles/USB_CDC_Driver_F446_Ext_PHY_HS.dir/Startup/startup_stm32f446vetx.s.obj
                0x08001f48                Reset_Handler
 .text.Default_Handler
                0x08001f98        0x2 CMakeFiles/USB_CDC_Driver_F446_Ext_PHY_HS.dir/Startup/startup_stm32f446vetx.s.obj
                0x08001f98                RTC_Alarm_IRQHandler
                0x08001f98                EXTI2_IRQHandler
                0x08001f98                TIM8_CC_IRQHandler
                0x08001f98                SPDIF_Rx_IRQHandler
                0x08001f98                DebugMon_Handler
                0x08001f98                SPI4_IRQHandler
                0x08001f98                TIM1_CC_IRQHandler
                0x08001f98                QuadSPI_IRQHandler
                0x08001f98                DMA2_Stream5_IRQHandler
                0x08001f98                HardFault_Handler
                0x08001f98                DMA1_Stream5_IRQHandler
                0x08001f98                PVD_IRQHandler
                0x08001f98                SDIO_IRQHandler
                0x08001f98                TAMP_STAMP_IRQHandler
                0x08001f98                PendSV_Handler
                0x08001f98                NMI_Handler
                0x08001f98                CAN2_RX1_IRQHandler
                0x08001f98                EXTI3_IRQHandler
                0x08001f98                TIM8_TRG_COM_TIM14_IRQHandler
                0x08001f98                TIM1_UP_TIM10_IRQHandler
                0x08001f98                FMPI2C1_error_IRQHandler
                0x08001f98                TIM8_UP_TIM13_IRQHandler
                0x08001f98                I2C3_ER_IRQHandler
                0x08001f98                EXTI0_IRQHandler
                0x08001f98                I2C2_EV_IRQHandler
                0x08001f98                DMA1_Stream2_IRQHandler
                0x08001f98                CAN1_RX0_IRQHandler
                0x08001f98                OTG_HS_WKUP_IRQHandler
                0x08001f98                UsageFault_Handler
                0x08001f98                CAN2_SCE_IRQHandler
                0x08001f98                DMA2_Stream2_IRQHandler
                0x08001f98                SPI1_IRQHandler
                0x08001f98                TIM6_DAC_IRQHandler
                0x08001f98                TIM1_BRK_TIM9_IRQHandler
                0x08001f98                DCMI_IRQHandler
                0x08001f98                CAN2_RX0_IRQHandler
                0x08001f98                DMA2_Stream3_IRQHandler
                0x08001f98                FMPI2C1_IRQHandler
                0x08001f98                SAI2_IRQHandler
                0x08001f98                USART6_IRQHandler
                0x08001f98                USART3_IRQHandler
                0x08001f98                CAN1_RX1_IRQHandler
                0x08001f98                UART5_IRQHandler
                0x08001f98                DMA2_Stream0_IRQHandler
                0x08001f98                TIM4_IRQHandler
                0x08001f98                I2C1_EV_IRQHandler
                0x08001f98                HDMI_CEC_IRQHandler
                0x08001f98                DMA1_Stream6_IRQHandler
                0x08001f98                DMA1_Stream1_IRQHandler
                0x08001f98                UART4_IRQHandler
                0x08001f98                TIM3_IRQHandler
                0x08001f98                RCC_IRQHandler
                0x08001f98                TIM8_BRK_TIM12_IRQHandler
                0x08001f98                Default_Handler
                0x08001f98                EXTI15_10_IRQHandler
                0x08001f98                ADC_IRQHandler
                0x08001f98                DMA1_Stream7_IRQHandler
                0x08001f98                TIM7_IRQHandler
                0x08001f98                CAN2_TX_IRQHandler
                0x08001f98                TIM5_IRQHandler
                0x08001f98                DMA2_Stream7_IRQHandler
                0x08001f98                I2C3_EV_IRQHandler
                0x08001f98                EXTI9_5_IRQHandler
                0x08001f98                SPI2_IRQHandler
                0x08001f98                OTG_HS_EP1_IN_IRQHandler
                0x08001f98                MemManage_Handler
                0x08001f98                DMA1_Stream0_IRQHandler
                0x08001f98                CAN1_TX_IRQHandler
                0x08001f98                SVC_Handler
                0x08001f98                EXTI4_IRQHandler
                0x08001f98                OTG_HS_EP1_OUT_IRQHandler
                0x08001f98                WWDG_IRQHandler
                0x08001f98                TIM2_IRQHandler
                0x08001f98                OTG_FS_WKUP_IRQHandler
                0x08001f98                TIM1_TRG_COM_TIM11_IRQHandler
                0x08001f98                EXTI1_IRQHandler
                0x08001f98                USART2_IRQHandler
                0x08001f98                I2C2_ER_IRQHandler
                0x08001f98                DMA2_Stream1_IRQHandler
                0x08001f98                CAN1_SCE_IRQHandler
                0x08001f98                FLASH_IRQHandler
                0x08001f98                DMA2_Stream4_IRQHandler
                0x08001f98                BusFault_Handler
                0x08001f98                USART1_IRQHandler
                0x08001f98                OTG_FS_IRQHandler
                0x08001f98                SPI3_IRQHandler
                0x08001f98                DMA1_Stream4_IRQHandler
                0x08001f98                I2C1_ER_IRQHandler
                0x08001f98                FMC_IRQHandler
                0x08001f98                DMA2_Stream6_IRQHandler
                0x08001f98                SAI1_IRQHandler
                0x08001f98                DMA1_Stream3_IRQHandler
 .text.memcpy   0x08001f9a       0x1c C:/ST/STM32CubeIDE_1.19.0/STM32CubeIDE/plugins/com.st.stm32cube.ide.mcu.externaltools.gnu-tools-for-stm32.14.3.rel1.win32_1.0.100.202602081740/tools/bin/../lib/gcc/arm-none-eabi/14.3.1/../../../../arm-none-eabi/lib/thumb/v7e-m/nofp\libg_nano.a(libc_a-memcpy-stub.o)
                0x08001f9a                memcpy
 *(.glue_7)
 .glue_7        0x08001fb6        0x0 linker stubs
 *(.glue_7t)
 .glue_7t       0x08001fb6        0x0 linker stubs
 *(.eh_frame)
 *fill*         0x08001fb6        0x2 
 .eh_frame      0x08001fb8        0x0 C:/ST/STM32CubeIDE_1.19.0/STM32CubeIDE/plugins/com.st.stm32cube.ide.mcu.externaltools.gnu-tools-for-stm32.14.3.rel1.win32_1.0.100.202602081740/tools/bin/../lib/gcc/arm-none-eabi/14.3.1/thumb/v7e-m/nofp/crtbegin.o
 *(.init)
 .init          0x08001fb8        0x4 C:/ST/STM32CubeIDE_1.19.0/STM32CubeIDE/plugins/com.st.stm32cube.ide.mcu.externaltools.gnu-tools-for-stm32.14.3.rel1.win32_1.0.100.202602081740/tools/bin/../lib/gcc/arm-none-eabi/14.3.1/thumb/v7e-m/nofp/crti.o
                0x08001fb8                _init
 .init          0x08001fbc        0x8 C:/ST/STM32CubeIDE_1.19.0/STM32CubeIDE/plugins/com.st.stm32cube.ide.mcu.externaltools.gnu-tools-for-stm32.14.3.rel1.win32_1.0.100.202602081740/tools/bin/../lib/gcc/arm-none-eabi/14.3.1/thumb/v7e-m/nofp/crtn.o
 *(.fini)
 .fini          0x08001fc4        0x4 C:/ST/STM32CubeIDE_1.19.0/STM32CubeIDE/plugins/com.st.stm32cube.ide.mcu.externaltools.gnu-tools-for-stm32.14.3.rel1.win32_1.0.100.202602081740/tools/bin/../lib/gcc/arm-none-eabi/14.3.1/thumb/v7e-m/nofp/crti.o
                0x08001fc4                _fini
 .fini          0x08001fc8        0x8 C:/ST/STM32CubeIDE_1.19.0/STM32CubeIDE/plugins/com.st.stm32cube.ide.mcu.externaltools.gnu-tools-for-stm32.14.3.rel1.win32_1.0.100.202602081740/tools/bin/../lib/gcc/arm-none-eabi/14.3.1/thumb/v7e-m/nofp/crtn.o
                0x08001fd0                        . = ALIGN (0x4)
                0x08001fd0                        _etext = .

.vfp11_veneer   0x08001fd0        0x0
 .vfp11_veneer  0x08001fd0        0x0 linker stubs

.v4_bx          0x08001fd0        0x0
 .v4_bx         0x08001fd0        0x0 linker stubs

.iplt           0x08001fd0        0x0
 .iplt          0x08001fd0        0x0 C:/ST/STM32CubeIDE_1.19.0/STM32CubeIDE/plugins/com.st.stm32cube.ide.mcu.externaltools.gnu-tools-for-stm32.14.3.rel1.win32_1.0.100.202602081740/tools/bin/../lib/gcc/arm-none-eabi/14.3.1/thumb/v7e-m/nofp/crtbegin.o

.rodata         0x08001fd0      0x148
                0x08001fd0                        . = ALIGN (0x4)
 *(.rodata)
 .rodata        0x08001fd0      0x145 CMakeFiles/USB_CDC_Driver_F446_Ext_PHY_HS.dir/Sources/usb_cdc_hs.c.obj
                0x08001fd0                deviceDescriptor
                0x08001fe4                configurationDescriptor
                0x08002028                deviceQualifierDescriptor
                0x08002034                otherSpeedConfigurationDescriptor
                0x08002078                languageStringDescriptor
                0x0800207c                manufactorStringDescriptor
                0x080020a4                productStringDescriptor
                0x080020d0                stringInterface
                0x080020ec                configurationStringDescriptor
 *(.rodata*)
                0x08002118                        . = ALIGN (0x4)
 *fill*         0x08002115        0x3 

.ARM.extab      0x08002118        0x0
                0x08002118                        . = ALIGN (0x4)
 *(.ARM.extab* .gnu.linkonce.armextab.*)
                0x08002118                        . = ALIGN (0x4)

.ARM            0x08002118        0x0
                0x08002118                        . = ALIGN (0x4)
                0x08002118                        __exidx_start = .
 *(.ARM.exidx*)
                0x08002118                        __exidx_end = .
                0x08002118                        . = ALIGN (0x4)

.preinit_array  0x08002118        0x0
                0x08002118                        . = ALIGN (0x4)
                0x08002118                        PROVIDE (__preinit_array_start = .)
 *(.preinit_array*)
                0x08002118                        PROVIDE (__preinit_array_end = .)
                0x08002118                        . = ALIGN (0x4)

.init_array     0x08002118        0x4
                0x08002118                        . = ALIGN (0x4)
                0x08002118                        PROVIDE (__init_array_start = .)
 *(SORT_BY_NAME(.init_array.*))
 *(.init_array*)
 .init_array    0x08002118        0x4 C:/ST/STM32CubeIDE_1.19.0/STM32CubeIDE/plugins/com.st.stm32cube.ide.mcu.externaltools.gnu-tools-for-stm32.14.3.rel1.win32_1.0.100.202602081740/tools/bin/../lib/gcc/arm-none-eabi/14.3.1/thumb/v7e-m/nofp/crtbegin.o
                0x0800211c                        PROVIDE (__init_array_end = .)
                0x0800211c                        . = ALIGN (0x4)

.fini_array     0x0800211c        0x4
                0x0800211c                        . = ALIGN (0x4)
                [!provide]                        PROVIDE (__fini_array_start = .)
 *(SORT_BY_NAME(.fini_array.*))
 *(.fini_array*)
 .fini_array    0x0800211c        0x4 C:/ST/STM32CubeIDE_1.19.0/STM32CubeIDE/plugins/com.st.stm32cube.ide.mcu.externaltools.gnu-tools-for-stm32.14.3.rel1.win32_1.0.100.202602081740/tools/bin/../lib/gcc/arm-none-eabi/14.3.1/thumb/v7e-m/nofp/crtbegin.o
                [!provide]                        PROVIDE (__fini_array_end = .)
                0x08002120                        . = ALIGN (0x4)
                0x08002120                        _sidata = LOADADDR (.data)

.rel.dyn        0x08002120        0x0
 .rel.iplt      0x08002120        0x0 C:/ST/STM32CubeIDE_1.19.0/STM32CubeIDE/plugins/com.st.stm32cube.ide.mcu.externaltools.gnu-tools-for-stm32.14.3.rel1.win32_1.0.100.202602081740/tools/bin/../lib/gcc/arm-none-eabi/14.3.1/thumb/v7e-m/nofp/crtbegin.o

.data           0x20000000        0xc load address 0x08002120
                0x20000000                        . = ALIGN (0x4)
                0x20000000                        _sdata = .
 *(.data)
 .data          0x20000000        0x4 CMakeFiles/USB_CDC_Driver_F446_Ext_PHY_HS.dir/Sources/main.c.obj
                0x20000000                SystemCoreClock
 .data          0x20000004        0x7 CMakeFiles/USB_CDC_Driver_F446_Ext_PHY_HS.dir/Sources/usb_cdc_hs.c.obj
 *(.data*)
 *(.RamFunc)
 *(.RamFunc*)
                0x2000000c                        . = ALIGN (0x4)
 *fill*         0x2000000b        0x1 
                0x2000000c                        _edata = .

.igot.plt       0x2000000c        0x0 load address 0x0800212c
 .igot.plt      0x2000000c        0x0 C:/ST/STM32CubeIDE_1.19.0/STM32CubeIDE/plugins/com.st.stm32cube.ide.mcu.externaltools.gnu-tools-for-stm32.14.3.rel1.win32_1.0.100.202602081740/tools/bin/../lib/gcc/arm-none-eabi/14.3.1/thumb/v7e-m/nofp/crtbegin.o
                0x2000000c                        . = ALIGN (0x4)

.bss            0x2000000c     0x1794 load address 0x0800212c
                0x2000000c                        _sbss = .
                0x2000000c                        __bss_start__ = _sbss
 *(.bss)
 .bss           0x2000000c       0x1c C:/ST/STM32CubeIDE_1.19.0/STM32CubeIDE/plugins/com.st.stm32cube.ide.mcu.externaltools.gnu-tools-for-stm32.14.3.rel1.win32_1.0.100.202602081740/tools/bin/../lib/gcc/arm-none-eabi/14.3.1/thumb/v7e-m/nofp/crtbegin.o
 .bss           0x20000028      0x208 CMakeFiles/USB_CDC_Driver_F446_Ext_PHY_HS.dir/Sources/main.c.obj
                0x20000028                flag
                0x2000022c                msTicks
 .bss           0x20000230     0x1570 CMakeFiles/USB_CDC_Driver_F446_Ext_PHY_HS.dir/Sources/usb_cdc_hs.c.obj
                0x20000270                serialNumberStringDescriptor
                0x200002a8                EndPoint
                0x20000d18                circBufferRx
 *(.bss*)
 *(COMMON)
                0x200017a0                        . = ALIGN (0x4)
                0x200017a0                        _ebss = .
                0x200017a0                        __bss_end__ = _ebss

._user_heap_stack
                0x200017a0      0x600 load address 0x0800212c
                0x200017a0                        . = ALIGN (0x8)
                [!provide]                        PROVIDE (end = .)
                0x200017a0                        PROVIDE (_end = .)
                0x200019a0                        . = (. + _Min_Heap_Size)
 *fill*         0x200017a0      0x200 
                0x20001da0                        . = (. + _Min_Stack_Size)
 *fill*         0x200019a0      0x400 
                0x20001da0                        . = ALIGN (0x8)

/DISCARD/
 libc.a(*)
 libm.a(*)
 libgcc.a(*)

.ARM.attributes
                0x00000000       0x2a
 *(.ARM.attributes)
 .ARM.attributes
                0x00000000       0x1e C:/ST/STM32CubeIDE_1.19.0/STM32CubeIDE/plugins/com.st.stm32cube.ide.mcu.externaltools.gnu-tools-for-stm32.14.3.rel1.win32_1.0.100.202602081740/tools/bin/../lib/gcc/arm-none-eabi/14.3.1/thumb/v7e-m/nofp/crti.o
 .ARM.attributes
                0x0000001e       0x2e C:/ST/STM32CubeIDE_1.19.0/STM32CubeIDE/plugins/com.st.stm32cube.ide.mcu.externaltools.gnu-tools-for-stm32.14.3.rel1.win32_1.0.100.202602081740/tools/bin/../lib/gcc/arm-none-eabi/14.3.1/thumb/v7e-m/nofp/crtbegin.o
 .ARM.attributes
                0x0000004c       0x2e C:/ST/STM32CubeIDE_1.19.0/STM32CubeIDE/plugins/com.st.stm32cube.ide.mcu.externaltools.gnu-tools-for-stm32.14.3.rel1.win32_1.0.100.202602081740/tools/bin/../lib/gcc/arm-none-eabi/14.3.1/../../../../arm-none-eabi/lib/thumb/v7e-m/nofp\libc_nano.a(libc_a-init.o)
 .ARM.attributes
                0x0000007a       0x21 CMakeFiles/USB_CDC_Driver_F446_Ext_PHY_HS.dir/Startup/startup_stm32f446vetx.s.obj
 .ARM.attributes
                0x0000009b       0x2e CMakeFiles/USB_CDC_Driver_F446_Ext_PHY_HS.dir/Sources/main.c.obj
 .ARM.attributes
                0x000000c9       0x2e CMakeFiles/USB_CDC_Driver_F446_Ext_PHY_HS.dir/Sources/usb_cdc_hs.c.obj
 .ARM.attributes
                0x000000f7       0x2e CMakeFiles/USB_CDC_Driver_F446_Ext_PHY_HS.dir/Sources/myConfig.c.obj
 .ARM.attributes
                0x00000125       0x2e CMakeFiles/USB_CDC_Driver_F446_Ext_PHY_HS.dir/Sources/timers.c.obj
 .ARM.attributes
                0x00000153       0x2e C:/ST/STM32CubeIDE_1.19.0/STM32CubeIDE/plugins/com.st.stm32cube.ide.mcu.externaltools.gnu-tools-for-stm32.14.3.rel1.win32_1.0.100.202602081740/tools/bin/../lib/gcc/arm-none-eabi/14.3.1/../../../../arm-none-eabi/lib/thumb/v7e-m/nofp\libg_nano.a(libc_a-memcpy-stub.o)
 .ARM.attributes
                0x00000181       0x1e C:/ST/STM32CubeIDE_1.19.0/STM32CubeIDE/plugins/com.st.stm32cube.ide.mcu.externaltools.gnu-tools-for-stm32.14.3.rel1.win32_1.0.100.202602081740/tools/bin/../lib/gcc/arm-none-eabi/14.3.1/thumb/v7e-m/nofp/crtn.o
OUTPUT(USB_CDC_Driver_F446_Ext_PHY_HS.elf elf32-littlearm)
LOAD linker stubs
LOAD C:/ST/STM32CubeIDE_1.19.0/STM32CubeIDE/plugins/com.st.stm32cube.ide.mcu.externaltools.gnu-tools-for-stm32.14.3.rel1.win32_1.0.100.202602081740/tools/bin/../lib/gcc/arm-none-eabi/14.3.1/../../../../arm-none-eabi/lib/thumb/v7e-m/nofp\libc.a
LOAD C:/ST/STM32CubeIDE_1.19.0/STM32CubeIDE/plugins/com.st.stm32cube.ide.mcu.externaltools.gnu-tools-for-stm32.14.3.rel1.win32_1.0.100.202602081740/tools/bin/../lib/gcc/arm-none-eabi/14.3.1/../../../../arm-none-eabi/lib/thumb/v7e-m/nofp\libm.a
LOAD C:/ST/STM32CubeIDE_1.19.0/STM32CubeIDE/plugins/com.st.stm32cube.ide.mcu.externaltools.gnu-tools-for-stm32.14.3.rel1.win32_1.0.100.202602081740/tools/bin/../lib/gcc/arm-none-eabi/14.3.1/thumb/v7e-m/nofp\libgcc.a

.debug_frame    0x00000000      0x794
 .debug_frame   0x00000000       0x2c C:/ST/STM32CubeIDE_1.19.0/STM32CubeIDE/plugins/com.st.stm32cube.ide.mcu.externaltools.gnu-tools-for-stm32.14.3.rel1.win32_1.0.100.202602081740/tools/bin/../lib/gcc/arm-none-eabi/14.3.1/../../../../arm-none-eabi/lib/thumb/v7e-m/nofp\libc_nano.a(libc_a-init.o)
 .debug_frame   0x0000002c       0xec CMakeFiles/USB_CDC_Driver_F446_Ext_PHY_HS.dir/Sources/main.c.obj
 .debug_frame   0x00000118      0x590 CMakeFiles/USB_CDC_Driver_F446_Ext_PHY_HS.dir/Sources/usb_cdc_hs.c.obj
 .debug_frame   0x000006a8       0x90 CMakeFiles/USB_CDC_Driver_F446_Ext_PHY_HS.dir/Sources/myConfig.c.obj
 .debug_frame   0x00000738       0x34 CMakeFiles/USB_CDC_Driver_F446_Ext_PHY_HS.dir/Sources/timers.c.obj
 .debug_frame   0x0000076c       0x28 C:/ST/STM32CubeIDE_1.19.0/STM32CubeIDE/plugins/com.st.stm32cube.ide.mcu.externaltools.gnu-tools-for-stm32.14.3.rel1.win32_1.0.100.202602081740/tools/bin/../lib/gcc/arm-none-eabi/14.3.1/../../../../arm-none-eabi/lib/thumb/v7e-m/nofp\libg_nano.a(libc_a-memcpy-stub.o)

.debug_line     0x00000000     0x1fef
 .debug_line    0x00000000       0x7b CMakeFiles/USB_CDC_Driver_F446_Ext_PHY_HS.dir/Startup/startup_stm32f446vetx.s.obj
 .debug_line    0x0000007b      0x4a1 CMakeFiles/USB_CDC_Driver_F446_Ext_PHY_HS.dir/Sources/main.c.obj
 .debug_line    0x0000051c     0x11ad CMakeFiles/USB_CDC_Driver_F446_Ext_PHY_HS.dir/Sources/usb_cdc_hs.c.obj
 .debug_line    0x000016c9      0x438 CMakeFiles/USB_CDC_Driver_F446_Ext_PHY_HS.dir/Sources/myConfig.c.obj
 .debug_line    0x00001b01      0x2ec CMakeFiles/USB_CDC_Driver_F446_Ext_PHY_HS.dir/Sources/timers.c.obj
 .debug_line    0x00001ded      0x202 C:/ST/STM32CubeIDE_1.19.0/STM32CubeIDE/plugins/com.st.stm32cube.ide.mcu.externaltools.gnu-tools-for-stm32.14.3.rel1.win32_1.0.100.202602081740/tools/bin/../lib/gcc/arm-none-eabi/14.3.1/../../../../arm-none-eabi/lib/thumb/v7e-m/nofp\libg_nano.a(libc_a-memcpy-stub.o)

.debug_line_str
                0x00000000       0xc6
 .debug_line_str
                0x00000000       0xc6 CMakeFiles/USB_CDC_Driver_F446_Ext_PHY_HS.dir/Startup/startup_stm32f446vetx.s.obj

.debug_info     0x00000000     0x3816
 .debug_info    0x00000000       0x30 CMakeFiles/USB_CDC_Driver_F446_Ext_PHY_HS.dir/Startup/startup_stm32f446vetx.s.obj
 .debug_info    0x00000030      0xbaf CMakeFiles/USB_CDC_Driver_F446_Ext_PHY_HS.dir/Sources/main.c.obj
 .debug_info    0x00000bdf     0x1e33 CMakeFiles/USB_CDC_Driver_F446_Ext_PHY_HS.dir/Sources/usb_cdc_hs.c.obj
 .debug_info    0x00002a12      0xbee CMakeFiles/USB_CDC_Driver_F446_Ext_PHY_HS.dir/Sources/myConfig.c.obj
 .debug_info    0x00003600       0xf5 CMakeFiles/USB_CDC_Driver_F446_Ext_PHY_HS.dir/Sources/timers.c.obj
 .debug_info    0x000036f5      0x121 C:/ST/STM32CubeIDE_1.19.0/STM32CubeIDE/plugins/com.st.stm32cube.ide.mcu.externaltools.gnu-tools-for-stm32.14.3.rel1.win32_1.0.100.202602081740/tools/bin/../lib/gcc/arm-none-eabi/14.3.1/../../../../arm-none-eabi/lib/thumb/v7e-m/nofp\libg_nano.a(libc_a-memcpy-stub.o)

.debug_abbrev   0x00000000      0x99d
 .debug_abbrev  0x00000000       0x24 CMakeFiles/USB_CDC_Driver_F446_Ext_PHY_HS.dir/Startup/startup_stm32f446vetx.s.obj
 .debug_abbrev  0x00000024      0x2b2 CMakeFiles/USB_CDC_Driver_F446_Ext_PHY_HS.dir/Sources/main.c.obj
 .debug_abbrev  0x000002d6      0x3f8 CMakeFiles/USB_CDC_Driver_F446_Ext_PHY_HS.dir/Sources/usb_cdc_hs.c.obj
 .debug_abbrev  0x000006ce      0x16f CMakeFiles/USB_CDC_Driver_F446_Ext_PHY_HS.dir/Sources/myConfig.c.obj
 .debug_abbrev  0x0000083d       0x9f CMakeFiles/USB_CDC_Driver_F446_Ext_PHY_HS.dir/Sources/timers.c.obj
 .debug_abbrev  0x000008dc       0xc1 C:/ST/STM32CubeIDE_1.19.0/STM32CubeIDE/plugins/com.st.stm32cube.ide.mcu.externaltools.gnu-tools-for-stm32.14.3.rel1.win32_1.0.100.202602081740/tools/bin/../lib/gcc/arm-none-eabi/14.3.1/../../../../arm-none-eabi/lib/thumb/v7e-m/nofp\libg_nano.a(libc_a-memcpy-stub.o)

.debug_aranges  0x00000000       0xc8
 .debug_aranges
                0x00000000       0x28 CMakeFiles/USB_CDC_Driver_F446_Ext_PHY_HS.dir/Startup/startup_stm32f446vetx.s.obj
 .debug_aranges
                0x00000028       0x20 CMakeFiles/USB_CDC_Driver_F446_Ext_PHY_HS.dir/Sources/main.c.obj
 .debug_aranges
                0x00000048       0x20 CMakeFiles/USB_CDC_Driver_F446_Ext_PHY_HS.dir/Sources/usb_cdc_hs.c.obj
 .debug_aranges
                0x00000068       0x20 CMakeFiles/USB_CDC_Driver_F446_Ext_PHY_HS.dir/Sources/myConfig.c.obj
 .debug_aranges
                0x00000088       0x20 CMakeFiles/USB_CDC_Driver_F446_Ext_PHY_HS.dir/Sources/timers.c.obj
 .debug_aranges
                0x000000a8       0x20 C:/ST/STM32CubeIDE_1.19.0/STM32CubeIDE/plugins/com.st.stm32cube.ide.mcu.externaltools.gnu-tools-for-stm32.14.3.rel1.win32_1.0.100.202602081740/tools/bin/../lib/gcc/arm-none-eabi/14.3.1/../../../../arm-none-eabi/lib/thumb/v7e-m/nofp\libg_nano.a(libc_a-memcpy-stub.o)

.debug_str      0x00000000     0x180d
 .debug_str     0x00000000     0x180d CMakeFiles/USB_CDC_Driver_F446_Ext_PHY_HS.dir/Startup/startup_stm32f446vetx.s.obj
                                 0xe2 (size before relaxing)
 .debug_str     0x0000180d      0xab2 CMakeFiles/USB_CDC_Driver_F446_Ext_PHY_HS.dir/Sources/main.c.obj
 .debug_str     0x0000180d     0x13cb CMakeFiles/USB_CDC_Driver_F446_Ext_PHY_HS.dir/Sources/usb_cdc_hs.c.obj
 .debug_str     0x0000180d      0xa4d CMakeFiles/USB_CDC_Driver_F446_Ext_PHY_HS.dir/Sources/myConfig.c.obj
 .debug_str     0x0000180d      0x1f1 CMakeFiles/USB_CDC_Driver_F446_Ext_PHY_HS.dir/Sources/timers.c.obj
 .debug_str     0x0000180d      0x229 C:/ST/STM32CubeIDE_1.19.0/STM32CubeIDE/plugins/com.st.stm32cube.ide.mcu.externaltools.gnu-tools-for-stm32.14.3.rel1.win32_1.0.100.202602081740/tools/bin/../lib/gcc/arm-none-eabi/14.3.1/../../../../arm-none-eabi/lib/thumb/v7e-m/nofp\libg_nano.a(libc_a-memcpy-stub.o)

.debug_rnglists
                0x00000000       0x65
 .debug_rnglists
                0x00000000       0x19 CMakeFiles/USB_CDC_Driver_F446_Ext_PHY_HS.dir/Startup/startup_stm32f446vetx.s.obj
 .debug_rnglists
                0x00000019       0x17 CMakeFiles/USB_CDC_Driver_F446_Ext_PHY_HS.dir/Sources/main.c.obj
 .debug_rnglists
                0x00000030       0x22 CMakeFiles/USB_CDC_Driver_F446_Ext_PHY_HS.dir/Sources/usb_cdc_hs.c.obj
 .debug_rnglists
                0x00000052       0x13 C:/ST/STM32CubeIDE_1.19.0/STM32CubeIDE/plugins/com.st.stm32cube.ide.mcu.externaltools.gnu-tools-for-stm32.14.3.rel1.win32_1.0.100.202602081740/tools/bin/../lib/gcc/arm-none-eabi/14.3.1/../../../../arm-none-eabi/lib/thumb/v7e-m/nofp\libg_nano.a(libc_a-memcpy-stub.o)

.comment        0x00000000       0x43
 .comment       0x00000000       0x43 CMakeFiles/USB_CDC_Driver_F446_Ext_PHY_HS.dir/Sources/main.c.obj
                                 0x44 (size before relaxing)
 .comment       0x00000043       0x44 CMakeFiles/USB_CDC_Driver_F446_Ext_PHY_HS.dir/Sources/usb_cdc_hs.c.obj
 .comment       0x00000043       0x44 CMakeFiles/USB_CDC_Driver_F446_Ext_PHY_HS.dir/Sources/myConfig.c.obj
 .comment       0x00000043       0x44 CMakeFiles/USB_CDC_Driver_F446_Ext_PHY_HS.dir/Sources/timers.c.obj
 .comment       0x00000043       0x44 C:/ST/STM32CubeIDE_1.19.0/STM32CubeIDE/plugins/com.st.stm32cube.ide.mcu.externaltools.gnu-tools-for-stm32.14.3.rel1.win32_1.0.100.202602081740/tools/bin/../lib/gcc/arm-none-eabi/14.3.1/../../../../arm-none-eabi/lib/thumb/v7e-m/nofp\libg_nano.a(libc_a-memcpy-stub.o)

.debug_loclists
                0x00000000       0xad
 .debug_loclists
                0x00000000       0xad C:/ST/STM32CubeIDE_1.19.0/STM32CubeIDE/plugins/com.st.stm32cube.ide.mcu.externaltools.gnu-tools-for-stm32.14.3.rel1.win32_1.0.100.202602081740/tools/bin/../lib/gcc/arm-none-eabi/14.3.1/../../../../arm-none-eabi/lib/thumb/v7e-m/nofp\libg_nano.a(libc_a-memcpy-stub.o)
